Archive member included because of file (symbol)

/usr/lib/gcc/arm-none-eabi/4.8.2/../../../arm-none-eabi/lib/armv7-m/libg.a(lib_a-memset.o)
                              build/obj/syscalls.o (memset)

Discarded input sections

 .text          0x0000000000000000        0x0 build/obj/crt0.o
 .data          0x0000000000000000        0x0 build/obj/crt0.o
 .bss           0x0000000000000000        0x0 build/obj/crt0.o
 .text.__early_init
                0x0000000000000000        0x4 build/obj/crt0.o
 .text          0x0000000000000000        0x0 build/obj/vectors.o
 .data          0x0000000000000000        0x0 build/obj/vectors.o
 .bss           0x0000000000000000        0x0 build/obj/vectors.o
 .text          0x0000000000000000        0x0 build/obj/chcore.o
 .data          0x0000000000000000        0x0 build/obj/chcore.o
 .bss           0x0000000000000000        0x0 build/obj/chcore.o
 .text.port_halt
                0x0000000000000000        0x4 build/obj/chcore.o
 .debug_info    0x0000000000000000       0x8e build/obj/chcore.o
 .debug_abbrev  0x0000000000000000       0x40 build/obj/chcore.o
 .debug_aranges
                0x0000000000000000       0x20 build/obj/chcore.o
 .debug_ranges  0x0000000000000000       0x10 build/obj/chcore.o
 .debug_line    0x0000000000000000       0x60 build/obj/chcore.o
 .debug_str     0x0000000000000000      0x15a build/obj/chcore.o
 .comment       0x0000000000000000       0x20 build/obj/chcore.o
 .ARM.attributes
                0x0000000000000000       0x33 build/obj/chcore.o
 .debug_frame   0x0000000000000000       0x20 build/obj/chcore.o
 .text          0x0000000000000000        0x0 build/obj/chcore_v7m.o
 .data          0x0000000000000000        0x0 build/obj/chcore_v7m.o
 .bss           0x0000000000000000        0x0 build/obj/chcore_v7m.o
 .text          0x0000000000000000        0x0 build/obj/nvic.o
 .data          0x0000000000000000        0x0 build/obj/nvic.o
 .bss           0x0000000000000000        0x0 build/obj/nvic.o
 .text.nvicDisableVector
                0x0000000000000000       0x44 build/obj/nvic.o
 .text          0x0000000000000000        0x0 build/obj/chsys.o
 .data          0x0000000000000000        0x0 build/obj/chsys.o
 .bss           0x0000000000000000        0x0 build/obj/chsys.o
 .text          0x0000000000000000        0x0 build/obj/chdebug.o
 .data          0x0000000000000000        0x0 build/obj/chdebug.o
 .bss           0x0000000000000000        0x0 build/obj/chdebug.o
 .debug_info    0x0000000000000000       0x75 build/obj/chdebug.o
 .debug_abbrev  0x0000000000000000       0x24 build/obj/chdebug.o
 .debug_aranges
                0x0000000000000000       0x18 build/obj/chdebug.o
 .debug_line    0x0000000000000000       0x1d build/obj/chdebug.o
 .debug_str     0x0000000000000000      0x14b build/obj/chdebug.o
 .comment       0x0000000000000000       0x20 build/obj/chdebug.o
 .ARM.attributes
                0x0000000000000000       0x33 build/obj/chdebug.o
 .text          0x0000000000000000        0x0 build/obj/chlists.o
 .data          0x0000000000000000        0x0 build/obj/chlists.o
 .bss           0x0000000000000000        0x0 build/obj/chlists.o
 .debug_info    0x0000000000000000       0x75 build/obj/chlists.o
 .debug_abbrev  0x0000000000000000       0x24 build/obj/chlists.o
 .debug_aranges
                0x0000000000000000       0x18 build/obj/chlists.o
 .debug_line    0x0000000000000000       0x1d build/obj/chlists.o
 .debug_str     0x0000000000000000      0x14b build/obj/chlists.o
 .comment       0x0000000000000000       0x20 build/obj/chlists.o
 .ARM.attributes
                0x0000000000000000       0x33 build/obj/chlists.o
 .text          0x0000000000000000        0x0 build/obj/chvt.o
 .data          0x0000000000000000        0x0 build/obj/chvt.o
 .bss           0x0000000000000000        0x0 build/obj/chvt.o
 .text          0x0000000000000000        0x0 build/obj/chschd.o
 .data          0x0000000000000000        0x0 build/obj/chschd.o
 .bss           0x0000000000000000        0x0 build/obj/chschd.o
 .text.chSchRescheduleS
                0x0000000000000000       0x1c build/obj/chschd.o
 .text          0x0000000000000000        0x0 build/obj/chthreads.o
 .data          0x0000000000000000        0x0 build/obj/chthreads.o
 .bss           0x0000000000000000        0x0 build/obj/chthreads.o
 .text.chThdCreateI
                0x0000000000000000       0x7c build/obj/chthreads.o
 .text.chThdSetPriority
                0x0000000000000000       0x30 build/obj/chthreads.o
 .text.chThdResume
                0x0000000000000000       0x1c build/obj/chthreads.o
 .text.chThdTerminate
                0x0000000000000000       0x18 build/obj/chthreads.o
 .text.chThdSleepUntil
                0x0000000000000000       0x24 build/obj/chthreads.o
 .text.chThdYield
                0x0000000000000000       0x28 build/obj/chthreads.o
 .text.chThdWait
                0x0000000000000000       0x38 build/obj/chthreads.o
[...]
Memory Configuration

Name             Origin             Length             Attributes
flash            0x0000000008000000 0x0000000000020000
ram              0x0000000020000000 0x0000000000004000
*default*        0x0000000000000000 0xffffffffffffffff

Linker script and memory map

LOAD build/obj/crt0.o
LOAD build/obj/vectors.o
LOAD build/obj/chcore.o
LOAD build/obj/chcore_v7m.o
LOAD build/obj/nvic.o
LOAD build/obj/chsys.o
LOAD build/obj/chdebug.o
LOAD build/obj/chlists.o
LOAD build/obj/chvt.o
LOAD build/obj/chschd.o
LOAD build/obj/chthreads.o
LOAD build/obj/chdynamic.o
LOAD build/obj/chregistry.o
LOAD build/obj/chsem.o
LOAD build/obj/chmtx.o
LOAD build/obj/chcond.o
LOAD build/obj/chevents.o
LOAD build/obj/chmsg.o
LOAD build/obj/chmboxes.o
LOAD build/obj/chqueues.o
LOAD build/obj/chmemcore.o
LOAD build/obj/chheap.o
LOAD build/obj/chmempools.o
LOAD build/obj/test.o
LOAD build/obj/testthd.o
LOAD build/obj/testsem.o
LOAD build/obj/testmtx.o
LOAD build/obj/testmsg.o
LOAD build/obj/testmbox.o
LOAD build/obj/testevt.o
LOAD build/obj/testheap.o
LOAD build/obj/testpools.o
LOAD build/obj/testdyn.o
LOAD build/obj/testqueues.o
LOAD build/obj/testbmk.o
LOAD build/obj/hal.o
LOAD build/obj/adc.o
LOAD build/obj/can.o
LOAD build/obj/ext.o
LOAD build/obj/gpt.o
LOAD build/obj/i2c.o
LOAD build/obj/icu.o
LOAD build/obj/mac.o
LOAD build/obj/mmc_spi.o
LOAD build/obj/mmcsd.o
LOAD build/obj/pal.o
LOAD build/obj/pwm.o
LOAD build/obj/rtc.o
LOAD build/obj/sdc.o
LOAD build/obj/serial.o
LOAD build/obj/serial_usb.o
LOAD build/obj/spi.o
LOAD build/obj/tm.o
LOAD build/obj/uart.o
LOAD build/obj/usb.o
LOAD build/obj/stm32_dma.o
LOAD build/obj/hal_lld.o
LOAD build/obj/adc_lld.o
LOAD build/obj/ext_lld_isr.o
LOAD build/obj/ext_lld.o
LOAD build/obj/pal_lld.o
LOAD build/obj/i2c_lld.o
LOAD build/obj/rtc_lld.o
LOAD build/obj/spi_lld.o
LOAD build/obj/gpt_lld.o
LOAD build/obj/icu_lld.o
LOAD build/obj/pwm_lld.o
LOAD build/obj/serial_lld.o
LOAD build/obj/uart_lld.o
LOAD build/obj/usb_lld.o
LOAD build/obj/board.o
LOAD build/obj/evtimer.o
LOAD build/obj/syscalls.o
LOAD build/obj/main.o
                0x0000000000000400                __main_stack_size__ = 0x400
                0x0000000000000400                __process_stack_size__ = 0x400
                0x0000000020000000                __ram_start__ = ORIGIN (ram)
                0x0000000000004000                __ram_size__ = 0x4000
                0x0000000020004000                __ram_end__ = (__ram_start__ + __ram_size__)
                0x0000000000000000                . = 0x0
                0x0000000000000000                _text = .

startup         0x0000000008000000       0xf4
 *(vectors)
 vectors        0x0000000008000000       0xf4 build/obj/vectors.o
                0x0000000008000000                _vectors

constructors    0x00000000080000f4        0x0
                0x00000000080000f4                PROVIDE (__init_array_start, .)
 *(SORT(.init_array.*))
 *(.init_array)
                0x00000000080000f4                PROVIDE (__init_array_end, .)

destructors     0x00000000080000f4        0x0
                0x00000000080000f4                PROVIDE (__fini_array_start, .)
 *(.fini_array)
 *(SORT(.fini_array.*))
                0x00000000080000f4                PROVIDE (__fini_array_end, .)

.text           0x0000000008000100     0x1c58
 *(.text.startup.*)
 .text.startup.main
                0x0000000008000100      0x384 build/obj/main.o
                0x0000000008000100                main
 *(.text)
 *(.text.*)
 *fill*         0x0000000008000484        0xc 
 .text.__late_init
                0x0000000008000490        0x4 build/obj/crt0.o
                0x0000000008000490                __late_init
 *fill*         0x0000000008000494        0xc 
 .text._default_exit
                0x00000000080004a0        0x4 build/obj/crt0.o
                0x00000000080004a0                _default_exit
 *fill*         0x00000000080004a4        0xc 
 .text.ResetHandler
                0x00000000080004b0      0x134 build/obj/crt0.o
                0x00000000080004b0                ResetHandler
 *fill*         0x00000000080005e4        0xc 
 .text._unhandled_exception
                0x00000000080005f0        0x4 build/obj/vectors.o
                0x00000000080005f0                Vector58
                0x00000000080005f0                VectorE8
                0x00000000080005f0                Vector9C
                0x00000000080005f0                VectorAC
                0x00000000080005f0                Vector5C
                0x00000000080005f0                NMIVector
                0x00000000080005f0                Vector8C
                0x00000000080005f0                VectorDC
                0x00000000080005f0                VectorC8
                0x00000000080005f0                Vector94
                0x00000000080005f0                VectorA8
                0x00000000080005f0                VectorB4
                0x00000000080005f0                VectorEC
                0x00000000080005f0                UsageFaultVector
                0x00000000080005f0                DebugMonitorVector
                0x00000000080005f0                Vector40
                0x00000000080005f0                VectorBC
                0x00000000080005f0                PendSVVector
                0x00000000080005f0                Vector64
                0x00000000080005f0                VectorCC
                0x00000000080005f0                Vector54
                0x00000000080005f0                Vector98
                0x00000000080005f0                VectorD8
                0x00000000080005f0                Vector24
                0x00000000080005f0                BusFaultVector
                0x00000000080005f0                VectorD0
                0x00000000080005f0                VectorE4
                0x00000000080005f0                VectorC0
                0x00000000080005f0                HardFaultVector
                0x00000000080005f0                VectorF0
                0x00000000080005f0                VectorE0
                0x00000000080005f0                MemManageVector
                0x00000000080005f0                VectorA0
                0x00000000080005f0                VectorC4
                0x00000000080005f0                VectorB0
                0x00000000080005f0                Vector90
                0x00000000080005f0                Vector60
                0x00000000080005f0                Vector1C
                0x00000000080005f0                Vector48
                0x00000000080005f0                Vector4C
                0x00000000080005f0                Vector68
                0x00000000080005f0                _unhandled_exception
                0x00000000080005f0                Vector50
                0x00000000080005f0                Vector44
                0x00000000080005f0                Vector28
                0x00000000080005f0                Vector34
                0x00000000080005f0                VectorA4
                0x00000000080005f0                Vector20
 *fill*         0x00000000080005f4        0xc 
 .text._port_switch_from_isr
                0x0000000008000600        0x8 build/obj/chcore_v7m.o
                0x0000000008000600                _port_switch_from_isr
 *fill*         0x0000000008000608        0x8 
 .text.SVCallVector
                0x0000000008000610       0x14 build/obj/chcore_v7m.o
                0x0000000008000610                SVCallVector
 *fill*         0x0000000008000624        0xc 
 .text._port_init
                0x0000000008000630       0x34 build/obj/chcore_v7m.o
                0x0000000008000630                _port_init
 *fill*         0x0000000008000664        0xc 
 .text._port_irq_epilogue
                0x0000000008000670       0x7c build/obj/chcore_v7m.o
                0x0000000008000670                _port_irq_epilogue
 *fill*         0x00000000080006ec        0x4 
 .text.SysTickVector
                0x00000000080006f0       0x1c build/obj/chcore_v7m.o
                0x00000000080006f0                SysTickVector
 *fill*         0x000000000800070c        0x4 
 .text._port_switch
                0x0000000008000710       0x10 build/obj/chcore_v7m.o
                0x0000000008000710                _port_switch
 .text._port_thread_start
                0x0000000008000720       0x10 build/obj/chcore_v7m.o
                0x0000000008000720                _port_thread_start
 .text.nvicEnableVector
                0x0000000008000730       0x48 build/obj/nvic.o
                0x0000000008000730                nvicEnableVector
 *fill*         0x0000000008000778        0x8 
 .text.nvicSetSystemHandlerPriority
                0x0000000008000780       0x24 build/obj/nvic.o
                0x0000000008000780                nvicSetSystemHandlerPriority
 *fill*         0x00000000080007a4        0xc 
 .text._idle_thread
                0x00000000080007b0       0x18 build/obj/chsys.o
                0x00000000080007b0                _idle_thread
 *fill*         0x00000000080007c8        0x8 
 .text.chSysInit
                0x00000000080007d0       0x70 build/obj/chsys.o
                0x00000000080007d0                chSysInit
 .text.chSysTimerHandlerI
                0x0000000008000840       0x64 build/obj/chsys.o
                0x0000000008000840                chSysTimerHandlerI
 *fill*         0x00000000080008a4        0xc 
 .text._vt_init
                0x00000000080008b0       0x18 build/obj/chvt.o
                0x00000000080008b0                _vt_init
 *fill*         0x00000000080008c8        0x8 
 .text.chVTSetI
                0x00000000080008d0       0x3c build/obj/chvt.o
                0x00000000080008d0                chVTSetI
 *fill*         0x000000000800090c        0x4 
 .text.chVTResetI
                0x0000000008000910       0x24 build/obj/chvt.o
                0x0000000008000910                chVTResetI
 *fill*         0x0000000008000934        0xc 
 .text.wakeup   0x0000000008000940       0x70 build/obj/chschd.o
 .text._scheduler_init
                0x00000000080009b0       0x18 build/obj/chschd.o
                0x00000000080009b0                _scheduler_init
 *fill*         0x00000000080009c8        0x8 
 .text.chSchReadyI
                0x00000000080009d0       0x2c build/obj/chschd.o
                0x00000000080009d0                chSchReadyI
 *fill*         0x00000000080009fc        0x4 
 .text.chSchGoSleepS
                0x0000000008000a00       0x28 build/obj/chschd.o
                0x0000000008000a00                chSchGoSleepS
 *fill*         0x0000000008000a28        0x8 
 .text.chSchGoSleepTimeoutS
                0x0000000008000a30       0x50 build/obj/chschd.o
                0x0000000008000a30                chSchGoSleepTimeoutS
 .text.chSchWakeupS
                0x0000000008000a80       0x6c build/obj/chschd.o
                0x0000000008000a80                chSchWakeupS
 *fill*         0x0000000008000aec        0x4 
 .text.chSchDoRescheduleBehind
                0x0000000008000af0       0x44 build/obj/chschd.o
                0x0000000008000af0                chSchDoRescheduleBehind
 *fill*         0x0000000008000b34        0xc 
 .text.chSchDoRescheduleAhead
                0x0000000008000b40       0x40 build/obj/chschd.o
                0x0000000008000b40                chSchDoRescheduleAhead
 .text.chSchDoReschedule
                0x0000000008000b80       0x18 build/obj/chschd.o
                0x0000000008000b80                chSchDoReschedule
 *fill*         0x0000000008000b98        0x8 
 .text._thread_init
                0x0000000008000ba0       0x54 build/obj/chthreads.o
                0x0000000008000ba0                _thread_init
 *fill*         0x0000000008000bf4        0xc 
 .text.chThdCreateStatic
                0x0000000008000c00       0x8c build/obj/chthreads.o
                0x0000000008000c00                chThdCreateStatic
 *fill*         0x0000000008000c8c        0x4 
 .text.chThdSleep
                0x0000000008000c90       0x18 build/obj/chthreads.o
                0x0000000008000c90                chThdSleep
 *fill*         0x0000000008000ca8        0x8 
 .text.chThdExitS
                0x0000000008000cb0       0x44 build/obj/chthreads.o
                0x0000000008000cb0                chThdExitS
 *fill*         0x0000000008000cf4        0xc 
 .text.chThdExit
                0x0000000008000d00        0xc build/obj/chthreads.o
                0x0000000008000d00                chThdExit
 *fill*         0x0000000008000d0c        0x4 
 .text.chMtxInit
                0x0000000008000d10        0xc build/obj/chmtx.o
                0x0000000008000d10                chMtxInit
 *fill*         0x0000000008000d1c        0x4 
 .text.chEvtSignalI
                0x0000000008000d20       0x30 build/obj/chevents.o
                0x0000000008000d20                chEvtSignalI
 .text.chEvtBroadcastFlagsI
                0x0000000008000d50       0x24 build/obj/chevents.o
                0x0000000008000d50                chEvtBroadcastFlagsI
 *fill*         0x0000000008000d74        0xc 
 .text.qwait    0x0000000008000d80       0x30 build/obj/chqueues.o
 .text.chIQInit
                0x0000000008000db0       0x20 build/obj/chqueues.o
                0x0000000008000db0                chIQInit
 .text.chIQPutI
                0x0000000008000dd0       0x50 build/obj/chqueues.o
                0x0000000008000dd0                chIQPutI
 .text.chIQGetTimeout
                0x0000000008000e20       0x50 build/obj/chqueues.o
                0x0000000008000e20                chIQGetTimeout
 .text.chIQReadTimeout
                0x0000000008000e70       0x78 build/obj/chqueues.o
                0x0000000008000e70                chIQReadTimeout
 *fill*         0x0000000008000ee8        0x8 
 .text.chOQInit
                0x0000000008000ef0       0x1c build/obj/chqueues.o
                0x0000000008000ef0                chOQInit
 *fill*         0x0000000008000f0c        0x4 
 .text.chOQPutTimeout
                0x0000000008000f10       0x54 build/obj/chqueues.o
                0x0000000008000f10                chOQPutTimeout
 *fill*         0x0000000008000f64        0xc 
 .text.chOQGetI
                0x0000000008000f70       0x48 build/obj/chqueues.o
                0x0000000008000f70                chOQGetI
 *fill*         0x0000000008000fb8        0x8 
 .text.chOQWriteTimeout
                0x0000000008000fc0       0x78 build/obj/chqueues.o
                0x0000000008000fc0                chOQWriteTimeout
 *fill*         0x0000000008001038        0x8 
 .text._core_init
                0x0000000008001040       0x2c build/obj/chmemcore.o
                0x0000000008001040                _core_init
 *fill*         0x000000000800106c        0x4 
 .text.chCoreAlloc
                0x0000000008001070       0x38 build/obj/chmemcore.o
                0x0000000008001070                chCoreAlloc
 *fill*         0x00000000080010a8        0x8 
 .text._heap_init
                0x00000000080010b0       0x20 build/obj/chheap.o
                0x00000000080010b0                _heap_init
 .text.halInit  0x00000000080010d0       0x30 build/obj/hal.o
                0x00000000080010d0                halInit
 .text.adcInit  0x0000000008001100        0x4 build/obj/adc.o
                0x0000000008001100                adcInit
 *fill*         0x0000000008001104        0xc 
 .text.adcObjectInit
                0x0000000008001110       0x18 build/obj/adc.o
                0x0000000008001110                adcObjectInit
 *fill*         0x0000000008001128        0x8 
 .text.pwmInit  0x0000000008001130        0x4 build/obj/pwm.o
                0x0000000008001130                pwmInit
 *fill*         0x0000000008001134        0xc 
 .text.pwmObjectInit
                0x0000000008001140        0xc build/obj/pwm.o
                0x0000000008001140                pwmObjectInit
 *fill*         0x000000000800114c        0x4 
 .text.readt    0x0000000008001150        0x8 build/obj/serial.o
 *fill*         0x0000000008001158        0x8 
 .text.read     0x0000000008001160        0xc build/obj/serial.o
 *fill*         0x000000000800116c        0x4 
 .text.writet   0x0000000008001170        0x8 build/obj/serial.o
 *fill*         0x0000000008001178        0x8 
 .text.write    0x0000000008001180        0xc build/obj/serial.o
 *fill*         0x000000000800118c        0x4 
 .text.gett     0x0000000008001190        0x8 build/obj/serial.o
 *fill*         0x0000000008001198        0x8 
 .text.get      0x00000000080011a0        0xc build/obj/serial.o
 *fill*         0x00000000080011ac        0x4 
 .text.putt     0x00000000080011b0        0x8 build/obj/serial.o
 *fill*         0x00000000080011b8        0x8 
 .text.put      0x00000000080011c0        0xc build/obj/serial.o
 *fill*         0x00000000080011cc        0x4 
 .text.sdInit   0x00000000080011d0        0x4 build/obj/serial.o
                0x00000000080011d0                sdInit
 *fill*         0x00000000080011d4        0xc 
 .text.sdObjectInit
                0x00000000080011e0       0x44 build/obj/serial.o
                0x00000000080011e0                sdObjectInit
 *fill*         0x0000000008001224        0xc 
 .text.sdIncomingDataI
                0x0000000008001230       0x3c build/obj/serial.o
                0x0000000008001230                sdIncomingDataI
 *fill*         0x000000000800126c        0x4 
 .text.spiInit  0x0000000008001270        0x4 build/obj/spi.o
                0x0000000008001270                spiInit
 *fill*         0x0000000008001274        0xc 
 .text.spiObjectInit
                0x0000000008001280       0x10 build/obj/spi.o
                0x0000000008001280                spiObjectInit
 .text.tm_start
                0x0000000008001290       0x10 build/obj/tm.o
 .text.tm_stop  0x00000000080012a0       0x38 build/obj/tm.o
 *fill*         0x00000000080012d8        0x8 
 .text.tmInit   0x00000000080012e0       0x48 build/obj/tm.o
                0x00000000080012e0                tmInit
 *fill*         0x0000000008001328        0x8 
 .text.Vector6C
                0x0000000008001330       0x2c build/obj/stm32_dma.o
                0x0000000008001330                Vector6C
 *fill*         0x000000000800135c        0x4 
 .text.Vector70
                0x0000000008001360       0x2c build/obj/stm32_dma.o
                0x0000000008001360                Vector70
 *fill*         0x000000000800138c        0x4 
 .text.Vector74
                0x0000000008001390       0x2c build/obj/stm32_dma.o
                0x0000000008001390                Vector74
 *fill*         0x00000000080013bc        0x4 
 .text.Vector78
                0x00000000080013c0       0x2c build/obj/stm32_dma.o
                0x00000000080013c0                Vector78
 *fill*         0x00000000080013ec        0x4 
 .text.Vector7C
                0x00000000080013f0       0x2c build/obj/stm32_dma.o
                0x00000000080013f0                Vector7C
 *fill*         0x000000000800141c        0x4 
 .text.Vector80
                0x0000000008001420       0x2c build/obj/stm32_dma.o
                0x0000000008001420                Vector80
 *fill*         0x000000000800144c        0x4 
 .text.Vector84
                0x0000000008001450       0x2c build/obj/stm32_dma.o
                0x0000000008001450                Vector84
 *fill*         0x000000000800147c        0x4 
 .text.dmaInit  0x0000000008001480       0x44 build/obj/stm32_dma.o
                0x0000000008001480                dmaInit
 *fill*         0x00000000080014c4        0xc 
 .text.hal_lld_init
                0x00000000080014d0       0xd0 build/obj/hal_lld.o
                0x00000000080014d0                hal_lld_init
 .text.stm32_clock_init
                0x00000000080015a0      0x140 build/obj/hal_lld.o
                0x00000000080015a0                stm32_clock_init
 .text.Vector88
                0x00000000080016e0       0x90 build/obj/adc_lld.o
                0x00000000080016e0                Vector88
 .text.adc_lld_init
                0x0000000008001770       0x38 build/obj/adc_lld.o
                0x0000000008001770                adc_lld_init
 *fill*         0x00000000080017a8        0x8 
 .text._pal_lld_init
                0x00000000080017b0      0x110 build/obj/pal_lld.o
                0x00000000080017b0                _pal_lld_init
 .text._pal_lld_setgroupmode
                0x00000000080018c0       0xc0 build/obj/pal_lld.o
                0x00000000080018c0                _pal_lld_setgroupmode
 .text.spi_lld_init
                0x0000000008001980       0x44 build/obj/spi_lld.o
                0x0000000008001980                spi_lld_init
 *fill*         0x00000000080019c4        0xc 
 .text.VectorB8
                0x00000000080019d0       0x80 build/obj/pwm_lld.o
                0x00000000080019d0                VectorB8
 .text.pwm_lld_init
                0x0000000008001a50       0x1c build/obj/pwm_lld.o
                0x0000000008001a50                pwm_lld_init
 *fill*         0x0000000008001a6c        0x4 
 .text.notify1  0x0000000008001a70       0x14 build/obj/serial_lld.o
 *fill*         0x0000000008001a84        0xc 
 .text.VectorD4
                0x0000000008001a90      0x118 build/obj/serial_lld.o
                0x0000000008001a90                VectorD4
 *fill*         0x0000000008001ba8        0x8 
 .text.sd_lld_init
                0x0000000008001bb0       0x28 build/obj/serial_lld.o
                0x0000000008001bb0                sd_lld_init
 *fill*         0x0000000008001bd8        0x8 
 .text.__early_init
                0x0000000008001be0        0x4 build/obj/board.o
                0x0000000008001be0                __early_init
 *fill*         0x0000000008001be4        0xc 
 .text.boardInit
                0x0000000008001bf0        0x4 build/obj/board.o
                0x0000000008001bf0                boardInit
 *(.rodata)
 *(.rodata.*)
 *fill*         0x0000000008001bf4        0xc 
 .rodata.str1.4
                0x0000000008001c00        0x8 build/obj/chsys.o
 *fill*         0x0000000008001c08        0x8 
 .rodata.ch_debug
                0x0000000008001c10       0x18 build/obj/chregistry.o
                0x0000000008001c10                ch_debug
 *fill*         0x0000000008001c28        0x8 
 .rodata.vmt    0x0000000008001c30       0x20 build/obj/serial.o
 .rodata._stm32_dma_streams
                0x0000000008001c50       0x54 build/obj/stm32_dma.o
                0x0000000008001c50                _stm32_dma_streams
 *fill*         0x0000000008001ca4        0xc 
 .rodata.pal_default_config
                0x0000000008001cb0       0xa8 build/obj/board.o
                0x0000000008001cb0                pal_default_config
 *(.glue_7t)
 .glue_7t       0x0000000000000000        0x0 linker stubs
 *(.glue_7)
 .glue_7        0x0000000000000000        0x0 linker stubs
 *(.gcc*)

.vfp11_veneer   0x0000000008001d58        0x0
 .vfp11_veneer  0x0000000000000000        0x0 linker stubs

.v4_bx          0x0000000008001d58        0x0
 .v4_bx         0x0000000000000000        0x0 linker stubs

.iplt           0x0000000008001d58        0x0
 .iplt          0x0000000000000000        0x0 build/obj/crt0.o

.rel.dyn        0x0000000008001d58        0x0
 .rel.iplt      0x0000000000000000        0x0 build/obj/crt0.o

.ARM.extab
 *(.ARM.extab* .gnu.linkonce.armextab.*)

.ARM.exidx      0x0000000008001d58        0x0
                0x0000000008001d58                PROVIDE (__exidx_start, .)
 *(.ARM.exidx* .gnu.linkonce.armexidx.*)
                0x0000000008001d58                PROVIDE (__exidx_end, .)

.eh_frame_hdr
 *(.eh_frame_hdr)

.eh_frame
 *(.eh_frame)

.textalign      0x0000000008001d58        0x0
                0x0000000008001d58                . = ALIGN (0x8)
                0x0000000008001d58                . = ALIGN (0x4)
                0x0000000008001d58                _etext = .
                0x0000000008001d58                _textdata = _etext

.stacks         0x0000000020000000      0x800
                0x0000000020000000                . = ALIGN (0x8)
                0x0000000020000000                __main_stack_base__ = .
                0x0000000020000400                . = (. + __main_stack_size__)
 *fill*         0x0000000020000000      0x400 
                0x0000000020000400                . = ALIGN (0x8)
                0x0000000020000400                __main_stack_end__ = .
                0x0000000020000400                __process_stack_base__ = .
                0x0000000020000400                __main_thread_stack_base__ = .
                0x0000000020000800                . = (. + __process_stack_size__)
 *fill*         0x0000000020000400      0x400 
                0x0000000020000800                . = ALIGN (0x8)
                0x0000000020000800                __process_stack_end__ = .
                0x0000000020000800                __main_thread_stack_end__ = .

.data           0x0000000020000800        0x0 load address 0x0000000008001d58
                0x0000000020000800                . = ALIGN (0x4)
                0x0000000020000800                PROVIDE (_data, .)
 *(.data)
                0x0000000020000800                . = ALIGN (0x4)
 *(.data.*)
                0x0000000020000800                . = ALIGN (0x4)
 *(.ramtext)
                0x0000000020000800                . = ALIGN (0x4)
                0x0000000020000800                PROVIDE (_edata, .)

.igot.plt       0x0000000020000800        0x0 load address 0x0000000008001d58
 .igot.plt      0x0000000000000000        0x0 build/obj/crt0.o

.bss            0x0000000020000800      0x2b4 load address 0x0000000008001d58
                0x0000000020000800                . = ALIGN (0x4)
                0x0000000020000800                PROVIDE (_bss_start, .)
 *(.bss)
                0x0000000020000800                . = ALIGN (0x4)
 *(.bss.*)
 .bss.mainthread.4794
                0x0000000020000800       0x48 build/obj/chsys.o
 .bss._idle_thread_wa
                0x0000000020000848       0xe0 build/obj/chsys.o
                0x0000000020000848                _idle_thread_wa
 .bss.vtlist    0x0000000020000928       0x10 build/obj/chvt.o
                0x0000000020000928                vtlist
 .bss.rlist     0x0000000020000938       0x1c build/obj/chschd.o
                0x0000000020000938                rlist
 .bss.endmem    0x0000000020000954        0x4 build/obj/chmemcore.o
 .bss.nextmem   0x0000000020000958        0x4 build/obj/chmemcore.o
 *fill*         0x000000002000095c        0x4 
 .bss.default_heap
                0x0000000020000960       0x20 build/obj/chheap.o
 .bss.measurement_offset
                0x0000000020000980        0x4 build/obj/tm.o
 .bss.dma_isr_redir
                0x0000000020000984       0x38 build/obj/stm32_dma.o
 .bss.dma_streams_mask
                0x00000000200009bc        0x4 build/obj/stm32_dma.o
 .bss.ADCD1     0x00000000200009c0       0x34 build/obj/adc_lld.o
                0x00000000200009c0                ADCD1
 .bss.dummytx   0x00000000200009f4        0x2 build/obj/spi_lld.o
 *fill*         0x00000000200009f6        0x2 
 .bss.SPID2     0x00000000200009f8       0x30 build/obj/spi_lld.o
                0x00000000200009f8                SPID2
 .bss.PWMD4     0x0000000020000a28       0x14 build/obj/pwm_lld.o
                0x0000000020000a28                PWMD4
 .bss.SD1       0x0000000020000a3c       0x78 build/obj/serial_lld.o
                0x0000000020000a3c                SD1
                0x0000000020000ab4                . = ALIGN (0x4)
 *(COMMON)
                0x0000000020000ab4                . = ALIGN (0x4)
                0x0000000020000ab4                PROVIDE (_bss_end, .)
                0x0000000020000ab4                PROVIDE (end, .)
                0x0000000020000ab4                _end = .
                0x0000000020000ab4                __heap_base__ = _end
                0x0000000020004000                __heap_end__ = __ram_end__
START GROUP
LOAD /usr/lib/gcc/arm-none-eabi/4.8.2/armv7-m/libgcc.a
LOAD /usr/lib/gcc/arm-none-eabi/4.8.2/../../../arm-none-eabi/lib/armv7-m/libg.a
LOAD /usr/lib/gcc/arm-none-eabi/4.8.2/../../../arm-none-eabi/lib/armv7-m/libc.a
END GROUP
OUTPUT(build/ch.elf elf32-littlearm)

.debug_info     0x0000000000000000     0xeaac
 .debug_info    0x0000000000000000      0x2bb build/obj/crt0.o
 .debug_info    0x00000000000002bb      0x1c8 build/obj/vectors.o
 .debug_info    0x0000000000000483      0x7ee build/obj/chcore_v7m.o
 .debug_info    0x0000000000000c71      0x402 build/obj/nvic.o
 .debug_info    0x0000000000001073      0x823 build/obj/chsys.o
 .debug_info    0x0000000000001896      0x1ff build/obj/chvt.o
 .debug_info    0x0000000000001a95      0x970 build/obj/chschd.o
 .debug_info    0x0000000000002405      0xbde build/obj/chthreads.o
 .debug_info    0x0000000000002fe3      0x61f build/obj/chregistry.o
 .debug_info    0x0000000000003602      0x9ce build/obj/chmtx.o
 .debug_info    0x0000000000003fd0      0xd71 build/obj/chevents.o
 .debug_info    0x0000000000004d41      0xbbf build/obj/chqueues.o
 .debug_info    0x0000000000005900      0x21b build/obj/chmemcore.o
 .debug_info    0x0000000000005b1b      0x6f6 build/obj/chheap.o
 .debug_info    0x0000000000006211      0x3a7 build/obj/hal.o
 .debug_info    0x00000000000065b8      0xe31 build/obj/adc.o
 .debug_info    0x00000000000073e9      0x67d build/obj/pwm.o
 .debug_info    0x0000000000007a66      0xfba build/obj/serial.o
 .debug_info    0x0000000000008a20     0x10ae build/obj/spi.o
 .debug_info    0x0000000000009ace      0x2d5 build/obj/tm.o
 .debug_info    0x0000000000009da3      0x6fc build/obj/stm32_dma.o
 .debug_info    0x000000000000a49f      0x3fb build/obj/hal_lld.o
 .debug_info    0x000000000000a89a      0xeef build/obj/adc_lld.o
 .debug_info    0x000000000000b789      0x56f build/obj/pal_lld.o
 .debug_info    0x000000000000bcf8      0xcbd build/obj/spi_lld.o
 .debug_info    0x000000000000c9b5      0x82a build/obj/pwm_lld.o
 .debug_info    0x000000000000d1df      0xf75 build/obj/serial_lld.o
 .debug_info    0x000000000000e154      0x1cc build/obj/board.o
 .debug_info    0x000000000000e320      0x78c build/obj/main.o

.debug_abbrev   0x0000000000000000     0x3ad2
 .debug_abbrev  0x0000000000000000       0xf2 build/obj/crt0.o
 .debug_abbrev  0x00000000000000f2       0xad build/obj/vectors.o
 .debug_abbrev  0x000000000000019f      0x1b7 build/obj/chcore_v7m.o
 .debug_abbrev  0x0000000000000356      0x10c build/obj/nvic.o
 .debug_abbrev  0x0000000000000462      0x20c build/obj/chsys.o
 .debug_abbrev  0x000000000000066e      0x115 build/obj/chvt.o
 .debug_abbrev  0x0000000000000783      0x311 build/obj/chschd.o
 .debug_abbrev  0x0000000000000a94      0x342 build/obj/chthreads.o
 .debug_abbrev  0x0000000000000dd6      0x174 build/obj/chregistry.o
 .debug_abbrev  0x0000000000000f4a      0x2ef build/obj/chmtx.o
 .debug_abbrev  0x0000000000001239      0x2f6 build/obj/chevents.o
 .debug_abbrev  0x000000000000152f      0x31b build/obj/chqueues.o
 .debug_abbrev  0x000000000000184a      0x159 build/obj/chmemcore.o
 .debug_abbrev  0x00000000000019a3      0x1e5 build/obj/chheap.o
 .debug_abbrev  0x0000000000001b88      0x1bd build/obj/hal.o
 .debug_abbrev  0x0000000000001d45      0x2f5 build/obj/adc.o
 .debug_abbrev  0x000000000000203a      0x198 build/obj/pwm.o
 .debug_abbrev  0x00000000000021d2      0x2b7 build/obj/serial.o
 .debug_abbrev  0x0000000000002489      0x274 build/obj/spi.o
 .debug_abbrev  0x00000000000026fd      0x198 build/obj/tm.o
 .debug_abbrev  0x0000000000002895      0x200 build/obj/stm32_dma.o
 .debug_abbrev  0x0000000000002a95      0x129 build/obj/hal_lld.o
 .debug_abbrev  0x0000000000002bbe      0x322 build/obj/adc_lld.o
 .debug_abbrev  0x0000000000002ee0      0x187 build/obj/pal_lld.o
 .debug_abbrev  0x0000000000003067      0x302 build/obj/spi_lld.o
 .debug_abbrev  0x0000000000003369      0x249 build/obj/pwm_lld.o
 .debug_abbrev  0x00000000000035b2      0x31b build/obj/serial_lld.o
 .debug_abbrev  0x00000000000038cd       0xe1 build/obj/board.o
 .debug_abbrev  0x00000000000039ae      0x124 build/obj/main.o

.debug_loc      0x0000000000000000     0x3729
 .debug_loc     0x0000000000000000       0xe2 build/obj/crt0.o
 .debug_loc     0x00000000000000e2       0x5a build/obj/chcore_v7m.o
 .debug_loc     0x000000000000013c      0x169 build/obj/nvic.o
 .debug_loc     0x00000000000002a5       0x31 build/obj/chsys.o
 .debug_loc     0x00000000000002d6       0x6a build/obj/chvt.o
 .debug_loc     0x0000000000000340      0x2bf build/obj/chschd.o
 .debug_loc     0x00000000000005ff      0x344 build/obj/chthreads.o
 .debug_loc     0x0000000000000943       0x21 build/obj/chregistry.o
 .debug_loc     0x0000000000000964      0x38b build/obj/chmtx.o
 .debug_loc     0x0000000000000cef      0x4b8 build/obj/chevents.o
 .debug_loc     0x00000000000011a7      0x6b0 build/obj/chqueues.o
 .debug_loc     0x0000000000001857       0xaa build/obj/chmemcore.o
 .debug_loc     0x0000000000001901      0x3ae build/obj/chheap.o
 .debug_loc     0x0000000000001caf       0x58 build/obj/hal.o
 .debug_loc     0x0000000000001d07      0x39b build/obj/adc.o
 .debug_loc     0x00000000000020a2      0x102 build/obj/pwm.o
 .debug_loc     0x00000000000021a4      0x4c8 build/obj/serial.o
 .debug_loc     0x000000000000266c      0x422 build/obj/spi.o
 .debug_loc     0x0000000000002a8e       0x6d build/obj/tm.o
 .debug_loc     0x0000000000002afb      0x1a6 build/obj/stm32_dma.o
 .debug_loc     0x0000000000002ca1      0x2cd build/obj/adc_lld.o
 .debug_loc     0x0000000000002f6e      0x169 build/obj/pal_lld.o
 .debug_loc     0x00000000000030d7      0x254 build/obj/spi_lld.o
 .debug_loc     0x000000000000332b      0x21c build/obj/pwm_lld.o
 .debug_loc     0x0000000000003547      0x1e2 build/obj/serial_lld.o

.debug_aranges  0x0000000000000000      0x8c8
 .debug_aranges
                0x0000000000000000       0x38 build/obj/crt0.o
 .debug_aranges
                0x0000000000000038       0x20 build/obj/vectors.o
 .debug_aranges
                0x0000000000000058       0x50 build/obj/chcore_v7m.o
 .debug_aranges
                0x00000000000000a8       0x30 build/obj/nvic.o
 .debug_aranges
                0x00000000000000d8       0x30 build/obj/chsys.o
 .debug_aranges
                0x0000000000000108       0x30 build/obj/chvt.o
 .debug_aranges
                0x0000000000000138       0x68 build/obj/chschd.o
 .debug_aranges
                0x00000000000001a0       0x78 build/obj/chthreads.o
 .debug_aranges
                0x0000000000000218       0x28 build/obj/chregistry.o
 .debug_aranges
                0x0000000000000240       0x58 build/obj/chmtx.o
 .debug_aranges
                0x0000000000000298       0xa0 build/obj/chevents.o
 .debug_aranges
                0x0000000000000338       0x70 build/obj/chqueues.o
 .debug_aranges
                0x00000000000003a8       0x38 build/obj/chmemcore.o
 .debug_aranges
                0x00000000000003e0       0x40 build/obj/chheap.o
 .debug_aranges
                0x0000000000000420       0x30 build/obj/hal.o
 .debug_aranges
                0x0000000000000450       0x70 build/obj/adc.o
 .debug_aranges
                0x00000000000004c0       0x50 build/obj/pwm.o
 .debug_aranges
                0x0000000000000510       0x88 build/obj/serial.o
 .debug_aranges
                0x0000000000000598       0x98 build/obj/spi.o
 .debug_aranges
                0x0000000000000630       0x38 build/obj/tm.o
 .debug_aranges
                0x0000000000000668       0x68 build/obj/stm32_dma.o
 .debug_aranges
                0x00000000000006d0       0x28 build/obj/hal_lld.o
 .debug_aranges
                0x00000000000006f8       0x60 build/obj/adc_lld.o
 .debug_aranges
                0x0000000000000758       0x28 build/obj/pal_lld.o
 .debug_aranges
                0x0000000000000780       0x78 build/obj/spi_lld.o
 .debug_aranges
                0x00000000000007f8       0x48 build/obj/pwm_lld.o
 .debug_aranges
                0x0000000000000840       0x40 build/obj/serial_lld.o
 .debug_aranges
                0x0000000000000880       0x28 build/obj/board.o
 .debug_aranges
                0x00000000000008a8       0x20 build/obj/main.o

.debug_ranges   0x0000000000000000      0xfa0
 .debug_ranges  0x0000000000000000       0x28 build/obj/crt0.o
 .debug_ranges  0x0000000000000028       0x10 build/obj/vectors.o
 .debug_ranges  0x0000000000000038       0x58 build/obj/chcore_v7m.o
 .debug_ranges  0x0000000000000090       0x20 build/obj/nvic.o
 .debug_ranges  0x00000000000000b0       0x38 build/obj/chsys.o
 .debug_ranges  0x00000000000000e8       0x20 build/obj/chvt.o
 .debug_ranges  0x0000000000000108      0x150 build/obj/chschd.o
 .debug_ranges  0x0000000000000258      0x160 build/obj/chthreads.o
 .debug_ranges  0x00000000000003b8       0x30 build/obj/chregistry.o
 .debug_ranges  0x00000000000003e8      0x170 build/obj/chmtx.o
 .debug_ranges  0x0000000000000558      0x138 build/obj/chevents.o
 .debug_ranges  0x0000000000000690       0xb8 build/obj/chqueues.o
 .debug_ranges  0x0000000000000748       0x28 build/obj/chmemcore.o
 .debug_ranges  0x0000000000000770       0x30 build/obj/chheap.o
 .debug_ranges  0x00000000000007a0       0x38 build/obj/hal.o
 .debug_ranges  0x00000000000007d8       0xf8 build/obj/adc.o
 .debug_ranges  0x00000000000008d0       0x88 build/obj/pwm.o
 .debug_ranges  0x0000000000000958       0xa8 build/obj/serial.o
 .debug_ranges  0x0000000000000a00      0x100 build/obj/spi.o
 .debug_ranges  0x0000000000000b00       0x78 build/obj/tm.o
 .debug_ranges  0x0000000000000b78       0x58 build/obj/stm32_dma.o
 .debug_ranges  0x0000000000000bd0       0x38 build/obj/hal_lld.o
 .debug_ranges  0x0000000000000c08       0xb8 build/obj/adc_lld.o
 .debug_ranges  0x0000000000000cc0      0x158 build/obj/pal_lld.o
 .debug_ranges  0x0000000000000e18       0x68 build/obj/spi_lld.o
 .debug_ranges  0x0000000000000e80       0x50 build/obj/pwm_lld.o
 .debug_ranges  0x0000000000000ed0       0xa8 build/obj/serial_lld.o
 .debug_ranges  0x0000000000000f78       0x18 build/obj/board.o
 .debug_ranges  0x0000000000000f90       0x10 build/obj/main.o

.debug_line     0x0000000000000000     0x4878
 .debug_line    0x0000000000000000      0x111 build/obj/crt0.o
 .debug_line    0x0000000000000111       0xbb build/obj/vectors.o
 .debug_line    0x00000000000001cc      0x205 build/obj/chcore_v7m.o
 .debug_line    0x00000000000003d1       0xf4 build/obj/nvic.o
 .debug_line    0x00000000000004c5      0x1f4 build/obj/chsys.o
 .debug_line    0x00000000000006b9      0x149 build/obj/chvt.o
 .debug_line    0x0000000000000802      0x350 build/obj/chschd.o
 .debug_line    0x0000000000000b52      0x3a5 build/obj/chthreads.o
 .debug_line    0x0000000000000ef7      0x1be build/obj/chregistry.o
 .debug_line    0x00000000000010b5      0x342 build/obj/chmtx.o
 .debug_line    0x00000000000013f7      0x322 build/obj/chevents.o
 .debug_line    0x0000000000001719      0x380 build/obj/chqueues.o
 .debug_line    0x0000000000001a99      0x130 build/obj/chmemcore.o
 .debug_line    0x0000000000001bc9      0x266 build/obj/chheap.o
 .debug_line    0x0000000000001e2f      0x2b6 build/obj/hal.o
 .debug_line    0x00000000000020e5      0x36a build/obj/adc.o
 .debug_line    0x000000000000244f      0x1e1 build/obj/pwm.o
 .debug_line    0x0000000000002630      0x389 build/obj/serial.o
 .debug_line    0x00000000000029b9      0x3dd build/obj/spi.o
 .debug_line    0x0000000000002d96      0x1fa build/obj/tm.o
 .debug_line    0x0000000000002f90      0x2bc build/obj/stm32_dma.o
 .debug_line    0x000000000000324c      0x1fc build/obj/hal_lld.o
 .debug_line    0x0000000000003448      0x405 build/obj/adc_lld.o
 .debug_line    0x000000000000384d      0x1eb build/obj/pal_lld.o
 .debug_line    0x0000000000003a38      0x41d build/obj/spi_lld.o
 .debug_line    0x0000000000003e55      0x2de build/obj/pwm_lld.o
 .debug_line    0x0000000000004133      0x360 build/obj/serial_lld.o
 .debug_line    0x0000000000004493      0x185 build/obj/board.o
 .debug_line    0x0000000000004618      0x260 build/obj/main.o

.debug_str      0x0000000000000000     0x2391
 .debug_str     0x0000000000000000      0x22c build/obj/crt0.o
                                        0x271 (size before relaxing)
 .debug_str     0x000000000000022c      0x152 build/obj/vectors.o
                                        0x292 (size before relaxing)
 .debug_str     0x000000000000037e      0x2f9 build/obj/chcore_v7m.o
                                        0x44e (size before relaxing)
 .debug_str     0x0000000000000677       0xab build/obj/nvic.o
                                        0x264 (size before relaxing)
 .debug_str     0x0000000000000722      0x216 build/obj/chsys.o
                                        0x53c (size before relaxing)
 .debug_str     0x0000000000000938       0x43 build/obj/chvt.o
                                        0x1e5 (size before relaxing)
 .debug_str     0x000000000000097b       0xe2 build/obj/chschd.o
                                        0x45b (size before relaxing)
 .debug_str     0x0000000000000a5d       0xe0 build/obj/chthreads.o
                                        0x4c6 (size before relaxing)
 .debug_str     0x0000000000000b3d       0x4f build/obj/chregistry.o
                                        0x454 (size before relaxing)
 .debug_str     0x0000000000000b8c       0x9e build/obj/chmtx.o
                                        0x3e0 (size before relaxing)
 .debug_str     0x0000000000000c2a      0x1c6 build/obj/chevents.o
                                        0x504 (size before relaxing)
 .debug_str     0x0000000000000df0      0x133 build/obj/chqueues.o
                                        0x46b (size before relaxing)
 .debug_str     0x0000000000000f23       0x7d build/obj/chmemcore.o
                                        0x1da (size before relaxing)
 .debug_str     0x0000000000000fa0       0xc0 build/obj/chheap.o
                                        0x3cf (size before relaxing)
 .debug_str     0x0000000000001060      0x17d build/obj/hal.o
                                        0x2d8 (size before relaxing)
 .debug_str     0x00000000000011dd      0x327 build/obj/adc.o
                                        0x6be (size before relaxing)
 .debug_str     0x0000000000001504      0x1ba build/obj/pwm.o
                                        0x35e (size before relaxing)
 .debug_str     0x00000000000016be      0x17c build/obj/serial.o
                                        0x5e3 (size before relaxing)
 .debug_str     0x000000000000183a      0x290 build/obj/spi.o
                                        0x69f (size before relaxing)
 .debug_str     0x0000000000001aca       0x74 build/obj/tm.o
                                        0x22b (size before relaxing)
 .debug_str     0x0000000000001b3e      0x439 build/obj/stm32_dma.o
                                        0x66d (size before relaxing)
 .debug_str     0x0000000000001f77       0xf3 build/obj/hal_lld.o
                                        0x31b (size before relaxing)
 .debug_str     0x000000000000206a       0xb2 build/obj/adc_lld.o
                                        0x9db (size before relaxing)
 .debug_str     0x000000000000211c       0x84 build/obj/pal_lld.o
                                        0x32d (size before relaxing)
 .debug_str     0x00000000000021a0       0xae build/obj/spi_lld.o
                                        0x6db (size before relaxing)
 .debug_str     0x000000000000224e       0x66 build/obj/pwm_lld.o
                                        0x6ab (size before relaxing)
 .debug_str     0x00000000000022b4       0x72 build/obj/serial_lld.o
                                        0x8e1 (size before relaxing)
 .debug_str     0x0000000000002326       0x36 build/obj/board.o
                                        0x230 (size before relaxing)
 .debug_str     0x000000000000235c       0x35 build/obj/main.o
                                        0x241 (size before relaxing)

.comment        0x0000000000000000       0x1f
 .comment       0x0000000000000000       0x1f build/obj/crt0.o
                                         0x20 (size before relaxing)
 .comment       0x0000000000000000       0x20 build/obj/vectors.o
 .comment       0x0000000000000000       0x20 build/obj/chcore_v7m.o
 .comment       0x0000000000000000       0x20 build/obj/nvic.o
 .comment       0x0000000000000000       0x20 build/obj/chsys.o
 .comment       0x0000000000000000       0x20 build/obj/chvt.o
 .comment       0x0000000000000000       0x20 build/obj/chschd.o
 .comment       0x0000000000000000       0x20 build/obj/chthreads.o
 .comment       0x0000000000000000       0x20 build/obj/chregistry.o
 .comment       0x0000000000000000       0x20 build/obj/chmtx.o
 .comment       0x0000000000000000       0x20 build/obj/chevents.o
 .comment       0x0000000000000000       0x20 build/obj/chqueues.o
 .comment       0x0000000000000000       0x20 build/obj/chmemcore.o
 .comment       0x0000000000000000       0x20 build/obj/chheap.o
 .comment       0x0000000000000000       0x20 build/obj/hal.o
 .comment       0x0000000000000000       0x20 build/obj/adc.o
 .comment       0x0000000000000000       0x20 build/obj/pwm.o
 .comment       0x0000000000000000       0x20 build/obj/serial.o
 .comment       0x0000000000000000       0x20 build/obj/spi.o
 .comment       0x0000000000000000       0x20 build/obj/tm.o
 .comment       0x0000000000000000       0x20 build/obj/stm32_dma.o
 .comment       0x0000000000000000       0x20 build/obj/hal_lld.o
 .comment       0x0000000000000000       0x20 build/obj/adc_lld.o
 .comment       0x0000000000000000       0x20 build/obj/pal_lld.o
 .comment       0x0000000000000000       0x20 build/obj/spi_lld.o
 .comment       0x0000000000000000       0x20 build/obj/pwm_lld.o
 .comment       0x0000000000000000       0x20 build/obj/serial_lld.o
 .comment       0x0000000000000000       0x20 build/obj/board.o
 .comment       0x0000000000000000       0x20 build/obj/main.o

.ARM.attributes
                0x0000000000000000       0x33
 .ARM.attributes
                0x0000000000000000       0x33 build/obj/crt0.o
 .ARM.attributes
                0x0000000000000033       0x33 build/obj/vectors.o
 .ARM.attributes
                0x0000000000000066       0x33 build/obj/chcore_v7m.o
 .ARM.attributes
                0x0000000000000099       0x33 build/obj/nvic.o
 .ARM.attributes
                0x00000000000000cc       0x33 build/obj/chsys.o
 .ARM.attributes
                0x00000000000000ff       0x33 build/obj/chvt.o
 .ARM.attributes
                0x0000000000000132       0x33 build/obj/chschd.o
 .ARM.attributes
                0x0000000000000165       0x33 build/obj/chthreads.o
 .ARM.attributes
                0x0000000000000198       0x33 build/obj/chregistry.o
 .ARM.attributes
                0x00000000000001cb       0x33 build/obj/chmtx.o
 .ARM.attributes
                0x00000000000001fe       0x33 build/obj/chevents.o
 .ARM.attributes
                0x0000000000000231       0x33 build/obj/chqueues.o
 .ARM.attributes
                0x0000000000000264       0x33 build/obj/chmemcore.o
 .ARM.attributes
                0x0000000000000297       0x33 build/obj/chheap.o
 .ARM.attributes
                0x00000000000002ca       0x33 build/obj/hal.o
 .ARM.attributes
                0x00000000000002fd       0x33 build/obj/adc.o
 .ARM.attributes
                0x0000000000000330       0x33 build/obj/pwm.o
 .ARM.attributes
                0x0000000000000363       0x33 build/obj/serial.o
 .ARM.attributes
                0x0000000000000396       0x33 build/obj/spi.o
 .ARM.attributes
                0x00000000000003c9       0x33 build/obj/tm.o
 .ARM.attributes
                0x00000000000003fc       0x33 build/obj/stm32_dma.o
 .ARM.attributes
                0x000000000000042f       0x33 build/obj/hal_lld.o
 .ARM.attributes
                0x0000000000000462       0x33 build/obj/adc_lld.o
 .ARM.attributes
                0x0000000000000495       0x33 build/obj/pal_lld.o
 .ARM.attributes
                0x00000000000004c8       0x33 build/obj/spi_lld.o
 .ARM.attributes
                0x00000000000004fb       0x33 build/obj/pwm_lld.o
 .ARM.attributes
                0x000000000000052e       0x33 build/obj/serial_lld.o
 .ARM.attributes
                0x0000000000000561       0x33 build/obj/board.o
 .ARM.attributes
                0x0000000000000594       0x33 build/obj/main.o

.debug_frame    0x0000000000000000     0x1538
 .debug_frame   0x0000000000000000       0x50 build/obj/crt0.o
 .debug_frame   0x0000000000000050       0x20 build/obj/vectors.o
 .debug_frame   0x0000000000000070       0x98 build/obj/chcore_v7m.o
 .debug_frame   0x0000000000000108       0x54 build/obj/nvic.o
 .debug_frame   0x000000000000015c       0x5c build/obj/chsys.o
 .debug_frame   0x00000000000001b8       0x4c build/obj/chvt.o
 .debug_frame   0x0000000000000204      0x108 build/obj/chschd.o
 .debug_frame   0x000000000000030c      0x180 build/obj/chthreads.o
 .debug_frame   0x000000000000048c       0x3c build/obj/chregistry.o
 .debug_frame   0x00000000000004c8       0xe4 build/obj/chmtx.o
 .debug_frame   0x00000000000005ac      0x1e0 build/obj/chevents.o
 .debug_frame   0x000000000000078c      0x180 build/obj/chqueues.o
 .debug_frame   0x000000000000090c       0x50 build/obj/chmemcore.o
 .debug_frame   0x000000000000095c       0x98 build/obj/chheap.o
 .debug_frame   0x00000000000009f4       0x54 build/obj/hal.o
 .debug_frame   0x0000000000000a48      0x118 build/obj/adc.o
 .debug_frame   0x0000000000000b60       0xb8 build/obj/pwm.o
 .debug_frame   0x0000000000000c18      0x13c build/obj/serial.o
 .debug_frame   0x0000000000000d54      0x1a8 build/obj/spi.o
 .debug_frame   0x0000000000000efc       0x6c build/obj/tm.o
 .debug_frame   0x0000000000000f68      0x134 build/obj/stm32_dma.o
 .debug_frame   0x000000000000109c       0x48 build/obj/hal_lld.o
 .debug_frame   0x00000000000010e4      0x118 build/obj/adc_lld.o
 .debug_frame   0x00000000000011fc       0x58 build/obj/pal_lld.o
 .debug_frame   0x0000000000001254      0x140 build/obj/spi_lld.o
 .debug_frame   0x0000000000001394       0xb0 build/obj/pwm_lld.o
 .debug_frame   0x0000000000001444       0x94 build/obj/serial_lld.o
 .debug_frame   0x00000000000014d8       0x30 build/obj/board.o
 .debug_frame   0x0000000000001508       0x30 build/obj/main.o

Cross Reference Table

Symbol                                            File
ADCD1                                             build/obj/adc_lld.o
BusFaultVector                                    build/obj/vectors.o
DebugMonitorVector                                build/obj/vectors.o
HardFaultVector                                   build/obj/vectors.o
MemManageVector                                   build/obj/vectors.o
NMIVector                                         build/obj/vectors.o
PWMD4                                             build/obj/pwm_lld.o
PendSVVector                                      build/obj/vectors.o
ResetHandler                                      build/obj/crt0.o
                                                  build/obj/vectors.o
SD1                                               build/obj/serial_lld.o
SPID2                                             build/obj/spi_lld.o
SVCallVector                                      build/obj/chcore_v7m.o
                                                  build/obj/vectors.o
SysTickVector                                     build/obj/chcore_v7m.o
                                                  build/obj/vectors.o
TestThread                                        build/obj/test.o
UsageFaultVector                                  build/obj/vectors.o
Vector1C                                          build/obj/vectors.o
Vector20                                          build/obj/vectors.o
Vector24                                          build/obj/vectors.o
Vector28                                          build/obj/vectors.o
Vector34                                          build/obj/vectors.o
Vector40                                          build/obj/vectors.o
Vector44                                          build/obj/vectors.o
Vector48                                          build/obj/vectors.o
Vector4C                                          build/obj/vectors.o
Vector50                                          build/obj/vectors.o
Vector54                                          build/obj/vectors.o
Vector58                                          build/obj/vectors.o
Vector5C                                          build/obj/vectors.o
Vector60                                          build/obj/vectors.o
Vector64                                          build/obj/vectors.o
Vector68                                          build/obj/vectors.o
Vector6C                                          build/obj/stm32_dma.o
                                                  build/obj/vectors.o
Vector70                                          build/obj/stm32_dma.o
                                                  build/obj/vectors.o
Vector74                                          build/obj/stm32_dma.o
                                                  build/obj/vectors.o
Vector78                                          build/obj/stm32_dma.o
                                                  build/obj/vectors.o
Vector7C                                          build/obj/stm32_dma.o
                                                  build/obj/vectors.o
Vector80                                          build/obj/stm32_dma.o
                                                  build/obj/vectors.o
Vector84                                          build/obj/stm32_dma.o
                                                  build/obj/vectors.o
Vector88                                          build/obj/adc_lld.o
                                                  build/obj/vectors.o
Vector8C                                          build/obj/vectors.o
Vector90                                          build/obj/vectors.o
Vector94                                          build/obj/vectors.o
Vector98                                          build/obj/vectors.o
Vector9C                                          build/obj/vectors.o
VectorA0                                          build/obj/vectors.o
VectorA4                                          build/obj/vectors.o
VectorA8                                          build/obj/vectors.o
VectorAC                                          build/obj/vectors.o
VectorB0                                          build/obj/vectors.o
VectorB4                                          build/obj/vectors.o
VectorB8                                          build/obj/pwm_lld.o
                                                  build/obj/vectors.o
VectorBC                                          build/obj/vectors.o
VectorC0                                          build/obj/vectors.o
VectorC4                                          build/obj/vectors.o
VectorC8                                          build/obj/vectors.o
VectorCC                                          build/obj/vectors.o
VectorD0                                          build/obj/vectors.o
VectorD4                                          build/obj/serial_lld.o
                                                  build/obj/vectors.o
VectorD8                                          build/obj/vectors.o
VectorDC                                          build/obj/vectors.o
VectorE0                                          build/obj/vectors.o
VectorE4                                          build/obj/vectors.o
VectorE8                                          build/obj/vectors.o
VectorEC                                          build/obj/vectors.o
VectorF0                                          build/obj/vectors.o
__early_init                                      build/obj/board.o
                                                  build/obj/crt0.o
__fini_array_end                                  build/obj/crt0.o
__fini_array_start                                build/obj/crt0.o
__heap_base__                                     build/obj/chmemcore.o
__heap_end__                                      build/obj/chmemcore.o
__init_array_end                                  build/obj/crt0.o
__init_array_start                                build/obj/crt0.o
__late_init                                       build/obj/crt0.o
__main_stack_base__                               build/obj/crt0.o
__main_stack_end__                                build/obj/vectors.o
                                                  build/obj/crt0.o
__process_stack_base__                            build/obj/crt0.o
__process_stack_end__                             build/obj/crt0.o
_bss_end                                          build/obj/crt0.o
_bss_start                                        build/obj/crt0.o
_close_r                                          build/obj/syscalls.o
_core_init                                        build/obj/chmemcore.o
                                                  build/obj/chsys.o
_data                                             build/obj/crt0.o
_default_exit                                     build/obj/crt0.o
_edata                                            build/obj/crt0.o
_fstat_r                                          build/obj/syscalls.o
_heap_init                                        build/obj/chheap.o
                                                  build/obj/chsys.o
_idle_thread                                      build/obj/chsys.o
_idle_thread_wa                                   build/obj/chsys.o
_isatty_r                                         build/obj/syscalls.o
_lseek_r                                          build/obj/syscalls.o
_pal_lld_init                                     build/obj/pal_lld.o
                                                  build/obj/hal.o
_pal_lld_setgroupmode                             build/obj/pal_lld.o
                                                  build/obj/main.o
                                                  build/obj/pal.o
_port_init                                        build/obj/chcore_v7m.o
                                                  build/obj/chsys.o
_port_irq_epilogue                                build/obj/chcore_v7m.o
                                                  build/obj/serial_lld.o
                                                  build/obj/pwm_lld.o
                                                  build/obj/adc_lld.o
                                                  build/obj/stm32_dma.o
_port_switch                                      build/obj/chcore_v7m.o
                                                  build/obj/chschd.o
_port_switch_from_isr                             build/obj/chcore_v7m.o
_port_thread_start                                build/obj/chcore_v7m.o
                                                  build/obj/chthreads.o
_read_r                                           build/obj/syscalls.o
_sbrk_r                                           build/obj/syscalls.o
_scheduler_init                                   build/obj/chschd.o
                                                  build/obj/chsys.o
_stm32_dma_streams                                build/obj/stm32_dma.o
                                                  build/obj/spi_lld.o
                                                  build/obj/adc_lld.o
_test_assert                                      build/obj/test.o
                                                  build/obj/testqueues.o
                                                  build/obj/testdyn.o
                                                  build/obj/testpools.o
                                                  build/obj/testheap.o
                                                  build/obj/testevt.o
                                                  build/obj/testmbox.o
                                                  build/obj/testmtx.o
                                                  build/obj/testsem.o
                                                  build/obj/testthd.o
_test_assert_sequence                             build/obj/test.o
                                                  build/obj/testqueues.o
                                                  build/obj/testdyn.o
                                                  build/obj/testevt.o
                                                  build/obj/testmbox.o
                                                  build/obj/testmsg.o
                                                  build/obj/testmtx.o
                                                  build/obj/testsem.o
                                                  build/obj/testthd.o
_test_assert_time_window                          build/obj/test.o
                                                  build/obj/testevt.o
                                                  build/obj/testmtx.o
                                                  build/obj/testsem.o
                                                  build/obj/testthd.o
_test_fail                                        build/obj/test.o
_textdata                                         build/obj/crt0.o
_thread_init                                      build/obj/chthreads.o
                                                  build/obj/chsys.o
_unhandled_exception                              build/obj/vectors.o
_vectors                                          build/obj/vectors.o
_vt_init                                          build/obj/chvt.o
                                                  build/obj/chsys.o
_write_r                                          build/obj/syscalls.o
adcAcquireBus                                     build/obj/adc.o
adcConvert                                        build/obj/adc.o
adcInit                                           build/obj/adc.o
                                                  build/obj/hal.o
adcObjectInit                                     build/obj/adc.o
                                                  build/obj/adc_lld.o
adcReleaseBus                                     build/obj/adc.o
adcSTM32DisableTSVREFE                            build/obj/adc_lld.o
adcSTM32EnableTSVREFE                             build/obj/adc_lld.o
adcStart                                          build/obj/adc.o
adcStartConversion                                build/obj/adc.o
adcStartConversionI                               build/obj/adc.o
adcStop                                           build/obj/adc.o
adcStopConversion                                 build/obj/adc.o
adcStopConversionI                                build/obj/adc.o
adc_lld_init                                      build/obj/adc_lld.o
                                                  build/obj/adc.o
adc_lld_start                                     build/obj/adc_lld.o
                                                  build/obj/adc.o
adc_lld_start_conversion                          build/obj/adc_lld.o
                                                  build/obj/adc.o
adc_lld_stop                                      build/obj/adc_lld.o
                                                  build/obj/adc.o
adc_lld_stop_conversion                           build/obj/adc_lld.o
                                                  build/obj/adc.o
boardInit                                         build/obj/board.o
                                                  build/obj/hal.o
chCondBroadcast                                   build/obj/chcond.o
                                                  build/obj/testmtx.o
chCondBroadcastI                                  build/obj/chcond.o
chCondInit                                        build/obj/chcond.o
                                                  build/obj/testmtx.o
chCondSignal                                      build/obj/chcond.o
                                                  build/obj/testmtx.o
chCondSignalI                                     build/obj/chcond.o
                                                  build/obj/testmtx.o
chCondWait                                        build/obj/chcond.o
                                                  build/obj/testmtx.o
chCondWaitS                                       build/obj/chcond.o
chCondWaitTimeout                                 build/obj/chcond.o
                                                  build/obj/testmtx.o
chCondWaitTimeoutS                                build/obj/chcond.o
chCoreAlloc                                       build/obj/chmemcore.o
                                                  build/obj/syscalls.o
                                                  build/obj/chheap.o
chCoreAllocI                                      build/obj/chmemcore.o
chCoreStatus                                      build/obj/chmemcore.o
                                                  build/obj/testheap.o
chEvtAddEvents                                    build/obj/chevents.o
                                                  build/obj/testevt.o
chEvtBroadcastFlags                               build/obj/chevents.o
                                                  build/obj/testevt.o
chEvtBroadcastFlagsI                              build/obj/chevents.o
                                                  build/obj/evtimer.o
                                                  build/obj/serial_lld.o
                                                  build/obj/serial.o
chEvtDispatch                                     build/obj/chevents.o
                                                  build/obj/testevt.o
chEvtGetAndClearEvents                            build/obj/chevents.o
                                                  build/obj/testevt.o
chEvtGetAndClearFlags                             build/obj/chevents.o
chEvtGetAndClearFlagsI                            build/obj/chevents.o
chEvtRegisterMask                                 build/obj/chevents.o
                                                  build/obj/testevt.o
chEvtSignal                                       build/obj/chevents.o
                                                  build/obj/testevt.o
chEvtSignalI                                      build/obj/chevents.o
chEvtUnregister                                   build/obj/chevents.o
                                                  build/obj/testevt.o
chEvtWaitAll                                      build/obj/chevents.o
                                                  build/obj/testevt.o
chEvtWaitAllTimeout                               build/obj/chevents.o
                                                  build/obj/testevt.o
chEvtWaitAny                                      build/obj/chevents.o
                                                  build/obj/testevt.o
chEvtWaitAnyTimeout                               build/obj/chevents.o
                                                  build/obj/testevt.o
chEvtWaitOne                                      build/obj/chevents.o
                                                  build/obj/testevt.o
chEvtWaitOneTimeout                               build/obj/chevents.o
                                                  build/obj/testevt.o
chHeapAlloc                                       build/obj/chheap.o
                                                  build/obj/testdyn.o
                                                  build/obj/testheap.o
                                                  build/obj/chdynamic.o
chHeapFree                                        build/obj/chheap.o
                                                  build/obj/testdyn.o
                                                  build/obj/testheap.o
                                                  build/obj/chdynamic.o
chHeapInit                                        build/obj/chheap.o
                                                  build/obj/testdyn.o
                                                  build/obj/testheap.o
chHeapStatus                                      build/obj/chheap.o
                                                  build/obj/testdyn.o
                                                  build/obj/testheap.o
chIQGetTimeout                                    build/obj/chqueues.o
                                                  build/obj/serial.o
                                                  build/obj/testbmk.o
                                                  build/obj/testqueues.o
chIQInit                                          build/obj/chqueues.o
                                                  build/obj/serial.o
                                                  build/obj/testbmk.o
                                                  build/obj/testqueues.o
chIQPutI                                          build/obj/chqueues.o
                                                  build/obj/serial.o
                                                  build/obj/testbmk.o
                                                  build/obj/testqueues.o
chIQReadTimeout                                   build/obj/chqueues.o
                                                  build/obj/serial.o
                                                  build/obj/testqueues.o
chIQResetI                                        build/obj/chqueues.o
                                                  build/obj/serial.o
                                                  build/obj/testqueues.o
chMBFetch                                         build/obj/chmboxes.o
                                                  build/obj/testmbox.o
chMBFetchI                                        build/obj/chmboxes.o
                                                  build/obj/testmbox.o
chMBFetchS                                        build/obj/chmboxes.o
chMBInit                                          build/obj/chmboxes.o
                                                  build/obj/testmbox.o
chMBPost                                          build/obj/chmboxes.o
                                                  build/obj/testmbox.o
chMBPostAhead                                     build/obj/chmboxes.o
                                                  build/obj/testmbox.o
chMBPostAheadI                                    build/obj/chmboxes.o
                                                  build/obj/testmbox.o
chMBPostAheadS                                    build/obj/chmboxes.o
chMBPostI                                         build/obj/chmboxes.o
                                                  build/obj/testmbox.o
chMBPostS                                         build/obj/chmboxes.o
chMBReset                                         build/obj/chmboxes.o
                                                  build/obj/testmbox.o
chMsgRelease                                      build/obj/chmsg.o
                                                  build/obj/testbmk.o
                                                  build/obj/testmsg.o
chMsgSend                                         build/obj/chmsg.o
                                                  build/obj/testbmk.o
                                                  build/obj/testmsg.o
chMsgWait                                         build/obj/chmsg.o
                                                  build/obj/testbmk.o
                                                  build/obj/testmsg.o
chMtxInit                                         build/obj/chmtx.o
                                                  build/obj/spi.o
                                                  build/obj/adc.o
                                                  build/obj/testbmk.o
                                                  build/obj/testmtx.o
                                                  build/obj/chheap.o
chMtxLock                                         build/obj/chmtx.o
                                                  build/obj/spi.o
                                                  build/obj/adc.o
                                                  build/obj/testbmk.o
                                                  build/obj/testmtx.o
                                                  build/obj/chheap.o
chMtxLockS                                        build/obj/chmtx.o
                                                  build/obj/chcond.o
chMtxTryLock                                      build/obj/chmtx.o
                                                  build/obj/testmtx.o
chMtxTryLockS                                     build/obj/chmtx.o
chMtxUnlock                                       build/obj/chmtx.o
                                                  build/obj/spi.o
                                                  build/obj/adc.o
                                                  build/obj/testbmk.o
                                                  build/obj/testmtx.o
                                                  build/obj/chheap.o
chMtxUnlockAll                                    build/obj/chmtx.o
                                                  build/obj/testmtx.o
chMtxUnlockS                                      build/obj/chmtx.o
                                                  build/obj/testmtx.o
                                                  build/obj/chcond.o
chOQGetI                                          build/obj/chqueues.o
                                                  build/obj/serial_lld.o
                                                  build/obj/serial.o
                                                  build/obj/testqueues.o
chOQInit                                          build/obj/chqueues.o
                                                  build/obj/serial.o
                                                  build/obj/testqueues.o
chOQPutTimeout                                    build/obj/chqueues.o
                                                  build/obj/serial.o
                                                  build/obj/testqueues.o
chOQResetI                                        build/obj/chqueues.o
                                                  build/obj/serial.o
                                                  build/obj/testqueues.o
chOQWriteTimeout                                  build/obj/chqueues.o
                                                  build/obj/serial.o
                                                  build/obj/testqueues.o
chPoolAlloc                                       build/obj/chmempools.o
                                                  build/obj/testdyn.o
                                                  build/obj/testpools.o
                                                  build/obj/chdynamic.o
chPoolAllocI                                      build/obj/chmempools.o
chPoolFree                                        build/obj/chmempools.o
                                                  build/obj/testdyn.o
                                                  build/obj/testpools.o
                                                  build/obj/chdynamic.o
chPoolFreeI                                       build/obj/chmempools.o
chPoolInit                                        build/obj/chmempools.o
                                                  build/obj/testdyn.o
                                                  build/obj/testpools.o
chPoolLoadArray                                   build/obj/chmempools.o
                                                  build/obj/testpools.o
chRegFirstThread                                  build/obj/chregistry.o
                                                  build/obj/testdyn.o
chRegNextThread                                   build/obj/chregistry.o
                                                  build/obj/testdyn.o
chSchDoReschedule                                 build/obj/chschd.o
                                                  build/obj/chcore_v7m.o
chSchDoRescheduleAhead                            build/obj/chschd.o
chSchDoRescheduleBehind                           build/obj/chschd.o
                                                  build/obj/chthreads.o
chSchGoSleepS                                     build/obj/chschd.o
                                                  build/obj/spi.o
                                                  build/obj/adc.o
                                                  build/obj/testbmk.o
                                                  build/obj/chmsg.o
                                                  build/obj/chevents.o
                                                  build/obj/chcond.o
                                                  build/obj/chmtx.o
                                                  build/obj/chsem.o
                                                  build/obj/chthreads.o
chSchGoSleepTimeoutS                              build/obj/chschd.o
                                                  build/obj/chqueues.o
                                                  build/obj/chevents.o
                                                  build/obj/chcond.o
                                                  build/obj/chsem.o
                                                  build/obj/chthreads.o
chSchReadyI                                       build/obj/chschd.o
                                                  build/obj/spi_lld.o
                                                  build/obj/adc_lld.o
                                                  build/obj/adc.o
                                                  build/obj/chqueues.o
                                                  build/obj/chmsg.o
                                                  build/obj/chevents.o
                                                  build/obj/chcond.o
                                                  build/obj/chmtx.o
                                                  build/obj/chsem.o
                                                  build/obj/chthreads.o
chSchRescheduleS                                  build/obj/chschd.o
                                                  build/obj/serial.o
                                                  build/obj/testmtx.o
                                                  build/obj/testsem.o
                                                  build/obj/chmboxes.o
                                                  build/obj/chevents.o
                                                  build/obj/chcond.o
                                                  build/obj/chmtx.o
                                                  build/obj/chsem.o
                                                  build/obj/chthreads.o
chSchWakeupS                                      build/obj/chschd.o
                                                  build/obj/adc.o
                                                  build/obj/testbmk.o
                                                  build/obj/chmsg.o
                                                  build/obj/chcond.o
                                                  build/obj/chmtx.o
                                                  build/obj/chsem.o
                                                  build/obj/chdynamic.o
                                                  build/obj/chthreads.o
chSemAddCounterI                                  build/obj/chsem.o
                                                  build/obj/testsem.o
chSemInit                                         build/obj/chsem.o
                                                  build/obj/testbmk.o
                                                  build/obj/testsem.o
                                                  build/obj/chmboxes.o
chSemReset                                        build/obj/chsem.o
                                                  build/obj/testbmk.o
                                                  build/obj/testsem.o
chSemResetI                                       build/obj/chsem.o
                                                  build/obj/chmboxes.o
chSemSignal                                       build/obj/chsem.o
                                                  build/obj/testbmk.o
                                                  build/obj/testsem.o
chSemSignalI                                      build/obj/chsem.o
                                                  build/obj/testsem.o
                                                  build/obj/chmboxes.o
chSemSignalWait                                   build/obj/chsem.o
                                                  build/obj/testsem.o
chSemWait                                         build/obj/chsem.o
                                                  build/obj/testbmk.o
                                                  build/obj/testsem.o
chSemWaitS                                        build/obj/chsem.o
chSemWaitTimeout                                  build/obj/chsem.o
                                                  build/obj/testsem.o
chSemWaitTimeoutS                                 build/obj/chsem.o
                                                  build/obj/chmboxes.o
chSysInit                                         build/obj/chsys.o
                                                  build/obj/main.o
chSysTimerHandlerI                                build/obj/chsys.o
                                                  build/obj/chcore_v7m.o
chThdAddRef                                       build/obj/chdynamic.o
                                                  build/obj/testdyn.o
chThdCreateFromHeap                               build/obj/chdynamic.o
                                                  build/obj/testdyn.o
chThdCreateFromMemoryPool                         build/obj/chdynamic.o
                                                  build/obj/testdyn.o
chThdCreateI                                      build/obj/chthreads.o
                                                  build/obj/testthd.o
                                                  build/obj/chdynamic.o
chThdCreateStatic                                 build/obj/chthreads.o
                                                  build/obj/testbmk.o
                                                  build/obj/testqueues.o
                                                  build/obj/testevt.o
                                                  build/obj/testmsg.o
                                                  build/obj/testmtx.o
                                                  build/obj/testsem.o
                                                  build/obj/testthd.o
                                                  build/obj/chsys.o
chThdExit                                         build/obj/chthreads.o
                                                  build/obj/chcore_v7m.o
chThdExitS                                        build/obj/chthreads.o
chThdRelease                                      build/obj/chdynamic.o
                                                  build/obj/testdyn.o
                                                  build/obj/chregistry.o
                                                  build/obj/chthreads.o
chThdResume                                       build/obj/chthreads.o
                                                  build/obj/testthd.o
chThdSetPriority                                  build/obj/chthreads.o
                                                  build/obj/testthd.o
chThdSleep                                        build/obj/chthreads.o
                                                  build/obj/main.o
                                                  build/obj/testbmk.o
                                                  build/obj/testdyn.o
                                                  build/obj/testevt.o
                                                  build/obj/testmtx.o
                                                  build/obj/testsem.o
                                                  build/obj/testthd.o
                                                  build/obj/test.o
chThdSleepUntil                                   build/obj/chthreads.o
                                                  build/obj/testthd.o
chThdTerminate                                    build/obj/chthreads.o
                                                  build/obj/test.o
chThdWait                                         build/obj/chthreads.o
                                                  build/obj/testbmk.o
                                                  build/obj/test.o
chThdYield                                        build/obj/chthreads.o
                                                  build/obj/testbmk.o
chVTResetI                                        build/obj/chvt.o
                                                  build/obj/evtimer.o
                                                  build/obj/testbmk.o
                                                  build/obj/chschd.o
chVTSetI                                          build/obj/chvt.o
                                                  build/obj/evtimer.o
                                                  build/obj/testbmk.o
                                                  build/obj/test.o
                                                  build/obj/chschd.o
ch_debug                                          build/obj/chregistry.o
                                                  build/obj/chsys.o
dmaInit                                           build/obj/stm32_dma.o
                                                  build/obj/hal_lld.o
dmaStreamAllocate                                 build/obj/stm32_dma.o
                                                  build/obj/spi_lld.o
                                                  build/obj/adc_lld.o
dmaStreamRelease                                  build/obj/stm32_dma.o
                                                  build/obj/spi_lld.o
                                                  build/obj/adc_lld.o
evtStart                                          build/obj/evtimer.o
evtStop                                           build/obj/evtimer.o
halInit                                           build/obj/hal.o
                                                  build/obj/main.o
halIsCounterWithin                                build/obj/hal.o
halPolledDelay                                    build/obj/hal.o
hal_lld_init                                      build/obj/hal_lld.o
                                                  build/obj/hal.o
main                                              build/obj/main.o
                                                  build/obj/crt0.o
memset                                            /usr/lib/gcc/arm-none-eabi/4.8.2/../../../arm-none-eabi/lib/armv7-m/libg.a(lib_a-memset.o)
                                                  build/obj/syscalls.o
nvicDisableVector                                 build/obj/nvic.o
                                                  build/obj/serial_lld.o
                                                  build/obj/pwm_lld.o
                                                  build/obj/stm32_dma.o
nvicEnableVector                                  build/obj/nvic.o
                                                  build/obj/serial_lld.o
                                                  build/obj/pwm_lld.o
                                                  build/obj/adc_lld.o
                                                  build/obj/stm32_dma.o
nvicSetSystemHandlerPriority                      build/obj/nvic.o
                                                  build/obj/chcore_v7m.o
palReadBus                                        build/obj/pal.o
palSetBusMode                                     build/obj/pal.o
palWriteBus                                       build/obj/pal.o
pal_default_config                                build/obj/board.o
                                                  build/obj/hal.o
patternbmk                                        build/obj/testbmk.o
                                                  build/obj/test.o
patterndyn                                        build/obj/testdyn.o
                                                  build/obj/test.o
patternevt                                        build/obj/testevt.o
                                                  build/obj/test.o
patternheap                                       build/obj/testheap.o
                                                  build/obj/test.o
patternmbox                                       build/obj/testmbox.o
                                                  build/obj/test.o
patternmsg                                        build/obj/testmsg.o
                                                  build/obj/test.o
patternmtx                                        build/obj/testmtx.o
                                                  build/obj/test.o
patternpools                                      build/obj/testpools.o
                                                  build/obj/test.o
patternqueues                                     build/obj/testqueues.o
                                                  build/obj/test.o
patternsem                                        build/obj/testsem.o
                                                  build/obj/test.o
patternthd                                        build/obj/testthd.o
                                                  build/obj/test.o
port_halt                                         build/obj/chcore.o
                                                  build/obj/spi_lld.o
pwmChangePeriod                                   build/obj/pwm.o
pwmDisableChannel                                 build/obj/pwm.o
pwmEnableChannel                                  build/obj/pwm.o
pwmInit                                           build/obj/pwm.o
                                                  build/obj/hal.o
pwmObjectInit                                     build/obj/pwm.o
                                                  build/obj/pwm_lld.o
pwmStart                                          build/obj/pwm.o
pwmStop                                           build/obj/pwm.o
pwm_lld_disable_channel                           build/obj/pwm_lld.o
                                                  build/obj/pwm.o
pwm_lld_enable_channel                            build/obj/pwm_lld.o
                                                  build/obj/pwm.o
pwm_lld_init                                      build/obj/pwm_lld.o
                                                  build/obj/pwm.o
pwm_lld_start                                     build/obj/pwm_lld.o
                                                  build/obj/pwm.o
pwm_lld_stop                                      build/obj/pwm_lld.o
                                                  build/obj/pwm.o
rlist                                             build/obj/chschd.o
                                                  build/obj/spi.o
                                                  build/obj/adc.o
                                                  build/obj/testbmk.o
                                                  build/obj/testqueues.o
                                                  build/obj/testdyn.o
                                                  build/obj/testevt.o
                                                  build/obj/testmsg.o
                                                  build/obj/testmtx.o
                                                  build/obj/testsem.o
                                                  build/obj/testthd.o
                                                  build/obj/test.o
                                                  build/obj/chqueues.o
                                                  build/obj/chmsg.o
                                                  build/obj/chevents.o
                                                  build/obj/chcond.o
                                                  build/obj/chmtx.o
                                                  build/obj/chsem.o
                                                  build/obj/chregistry.o
                                                  build/obj/chthreads.o
                                                  build/obj/chsys.o
                                                  build/obj/chcore_v7m.o
sdIncomingDataI                                   build/obj/serial.o
                                                  build/obj/serial_lld.o
sdInit                                            build/obj/serial.o
                                                  build/obj/hal.o
sdObjectInit                                      build/obj/serial.o
                                                  build/obj/serial_lld.o
sdRequestDataI                                    build/obj/serial.o
sdStart                                           build/obj/serial.o
sdStop                                            build/obj/serial.o
sd_lld_init                                       build/obj/serial_lld.o
                                                  build/obj/serial.o
sd_lld_start                                      build/obj/serial_lld.o
                                                  build/obj/serial.o
sd_lld_stop                                       build/obj/serial_lld.o
                                                  build/obj/serial.o
spiAcquireBus                                     build/obj/spi.o
spiExchange                                       build/obj/spi.o
spiIgnore                                         build/obj/spi.o
spiInit                                           build/obj/spi.o
                                                  build/obj/hal.o
spiObjectInit                                     build/obj/spi.o
                                                  build/obj/spi_lld.o
spiReceive                                        build/obj/spi.o
spiReleaseBus                                     build/obj/spi.o
spiSelect                                         build/obj/spi.o
spiSend                                           build/obj/spi.o
spiStart                                          build/obj/spi.o